UPSTREAM raytrace — kernel=upstream (PASSTHROUGH, no optimizations)
resolution=100x100 loops=4
elapsed=3.240930 s  810.232 ms/frame
primary_rays=40000  12.34 kray/s
RESULT total_sec=3.240930 loops=4 ms_per_frame=810.2324 krays_per_sec=12.3421 kernel=upstream
UPSTREAM raytrace — kernel=upstream (PASSTHROUGH, no optimizations)
resolution=100x100 loops=4
elapsed=3.236292 s  809.073 ms/frame
primary_rays=40000  12.36 kray/s
RESULT total_sec=3.236292 loops=4 ms_per_frame=809.0730 krays_per_sec=12.3598 kernel=upstream
UPSTREAM raytrace — kernel=upstream (PASSTHROUGH, no optimizations)
resolution=100x100 loops=4
elapsed=3.247233 s  811.808 ms/frame
primary_rays=40000  12.32 kray/s
RESULT total_sec=3.247233 loops=4 ms_per_frame=811.8083 krays_per_sec=12.3182 kernel=upstream
UPSTREAM raytrace — kernel=upstream (PASSTHROUGH, no optimizations)
resolution=100x100 loops=4
elapsed=3.232189 s  808.047 ms/frame
primary_rays=40000  12.38 kray/s
RESULT total_sec=3.232189 loops=4 ms_per_frame=808.0472 krays_per_sec=12.3755 kernel=upstream
UPSTREAM raytrace — kernel=upstream (PASSTHROUGH, no optimizations)
resolution=100x100 loops=4
elapsed=3.253724 s  813.431 ms/frame
primary_rays=40000  12.29 kray/s
RESULT total_sec=3.253724 loops=4 ms_per_frame=813.4310 krays_per_sec=12.2936 kernel=upstream
