UPSTREAM pyperformance nbody kernel (unmodified)
  source: upstream/bm_nbody_upstream.py
  sha256: d1385e816d7cfea361b7915e2cf70138
bodies=5 pairs=10 iterations=20000 loops=16
elapsed=3.696666 s  231.042 ms/loop
energy=-0.1690801979358367
step_rate=86.56 ksteps/s
RESULT total_sec=3.696666 loops=16 ms_per_loop=231.0416 energy=-0.1690801979358367 iterations=20000
UPSTREAM pyperformance nbody kernel (unmodified)
  source: upstream/bm_nbody_upstream.py
  sha256: d1385e816d7cfea361b7915e2cf70138
bodies=5 pairs=10 iterations=20000 loops=16
elapsed=3.790474 s  236.905 ms/loop
energy=-0.1690801979358367
step_rate=84.42 ksteps/s
RESULT total_sec=3.790474 loops=16 ms_per_loop=236.9047 energy=-0.1690801979358367 iterations=20000
UPSTREAM pyperformance nbody kernel (unmodified)
  source: upstream/bm_nbody_upstream.py
  sha256: d1385e816d7cfea361b7915e2cf70138
bodies=5 pairs=10 iterations=20000 loops=16
elapsed=3.712293 s  232.018 ms/loop
energy=-0.1690801979358367
step_rate=86.20 ksteps/s
RESULT total_sec=3.712293 loops=16 ms_per_loop=232.0183 energy=-0.1690801979358367 iterations=20000
UPSTREAM pyperformance nbody kernel (unmodified)
  source: upstream/bm_nbody_upstream.py
  sha256: d1385e816d7cfea361b7915e2cf70138
bodies=5 pairs=10 iterations=20000 loops=16
elapsed=3.880071 s  242.504 ms/loop
energy=-0.1690801979358367
step_rate=82.47 ksteps/s
RESULT total_sec=3.880071 loops=16 ms_per_loop=242.5045 energy=-0.1690801979358367 iterations=20000
UPSTREAM pyperformance nbody kernel (unmodified)
  source: upstream/bm_nbody_upstream.py
  sha256: d1385e816d7cfea361b7915e2cf70138
bodies=5 pairs=10 iterations=20000 loops=16
elapsed=3.830413 s  239.401 ms/loop
energy=-0.1690801979358367
step_rate=83.54 ksteps/s
RESULT total_sec=3.830413 loops=16 ms_per_loop=239.4008 energy=-0.1690801979358367 iterations=20000
