OPTIMIZED upstream nbody — kernel=grouped
bodies=5 pairs=10 iterations=20000 loops=16
elapsed=3.615195 s  225.950 ms/loop
energy=-0.1690801979358367
step_rate=88.52 ksteps/s
RESULT total_sec=3.615195 loops=16 ms_per_loop=225.9497 energy=-0.1690801979358367 iterations=20000 kernel=grouped
OPTIMIZED upstream nbody — kernel=grouped
bodies=5 pairs=10 iterations=20000 loops=16
elapsed=3.545240 s  221.578 ms/loop
energy=-0.1690801979358367
step_rate=90.26 ksteps/s
RESULT total_sec=3.545240 loops=16 ms_per_loop=221.5775 energy=-0.1690801979358367 iterations=20000 kernel=grouped
OPTIMIZED upstream nbody — kernel=grouped
bodies=5 pairs=10 iterations=20000 loops=16
elapsed=3.545725 s  221.608 ms/loop
energy=-0.1690801979358367
step_rate=90.25 ksteps/s
RESULT total_sec=3.545725 loops=16 ms_per_loop=221.6078 energy=-0.1690801979358367 iterations=20000 kernel=grouped
OPTIMIZED upstream nbody — kernel=grouped
bodies=5 pairs=10 iterations=20000 loops=16
elapsed=3.547350 s  221.709 ms/loop
energy=-0.1690801979358367
step_rate=90.21 ksteps/s
RESULT total_sec=3.547350 loops=16 ms_per_loop=221.7094 energy=-0.1690801979358367 iterations=20000 kernel=grouped
OPTIMIZED upstream nbody — kernel=grouped
bodies=5 pairs=10 iterations=20000 loops=16
elapsed=3.546669 s  221.667 ms/loop
energy=-0.1690801979358367
step_rate=90.23 ksteps/s
RESULT total_sec=3.546669 loops=16 ms_per_loop=221.6668 energy=-0.1690801979358367 iterations=20000 kernel=grouped
