UPSTREAM pyperformance nbody kernel (unmodified)
  source: upstream/bm_nbody_upstream.py
  sha256: d1385e816d7cfea361b7915e2cf70138
bodies=5 pairs=10 iterations=20000 loops=16
elapsed=3.734229 s  233.389 ms/loop
energy=-0.1690801979358367
step_rate=85.69 ksteps/s
RESULT total_sec=3.734229 loops=16 ms_per_loop=233.3893 energy=-0.1690801979358367 iterations=20000
UPSTREAM pyperformance nbody kernel (unmodified)
  source: upstream/bm_nbody_upstream.py
  sha256: d1385e816d7cfea361b7915e2cf70138
bodies=5 pairs=10 iterations=20000 loops=16
elapsed=3.721786 s  232.612 ms/loop
energy=-0.1690801979358367
step_rate=85.98 ksteps/s
RESULT total_sec=3.721786 loops=16 ms_per_loop=232.6116 energy=-0.1690801979358367 iterations=20000
UPSTREAM pyperformance nbody kernel (unmodified)
  source: upstream/bm_nbody_upstream.py
  sha256: d1385e816d7cfea361b7915e2cf70138
bodies=5 pairs=10 iterations=20000 loops=16
elapsed=3.757617 s  234.851 ms/loop
energy=-0.1690801979358367
step_rate=85.16 ksteps/s
RESULT total_sec=3.757617 loops=16 ms_per_loop=234.8510 energy=-0.1690801979358367 iterations=20000
UPSTREAM pyperformance nbody kernel (unmodified)
  source: upstream/bm_nbody_upstream.py
  sha256: d1385e816d7cfea361b7915e2cf70138
bodies=5 pairs=10 iterations=20000 loops=16
elapsed=3.706258 s  231.641 ms/loop
energy=-0.1690801979358367
step_rate=86.34 ksteps/s
RESULT total_sec=3.706258 loops=16 ms_per_loop=231.6411 energy=-0.1690801979358367 iterations=20000
UPSTREAM pyperformance nbody kernel (unmodified)
  source: upstream/bm_nbody_upstream.py
  sha256: d1385e816d7cfea361b7915e2cf70138
bodies=5 pairs=10 iterations=20000 loops=16
elapsed=3.711835 s  231.990 ms/loop
energy=-0.1690801979358367
step_rate=86.21 ksteps/s
RESULT total_sec=3.711835 loops=16 ms_per_loop=231.9897 energy=-0.1690801979358367 iterations=20000
